// Jest Snapshot v1, https://goo.gl/fbAQLP

exports[`matches snapshot 1`] = `
<DocumentFragment>
  <div
    class="siren-sdk-header-container"
    data-testid="header"
    style="border-top-left-radius: 10px; border-top-right-radius: 10px; align-items: center; display: flex; margin: 0px; line-height: 28px; background-color: rgb(35, 35, 38); border-bottom: 0.5px solid #344054; height: 50px;"
  >
    <p
      class="siren-sdk-text-break"
      style="color: rgb(255, 255, 255); font-size: 18px; font-weight: 600; padding-left: 0px;"
    >
      dummy-title
    </p>
    <div
      aria-disabled="false"
      class="siren-sdk-header-right-container"
      data-testid="clear-all"
      style="opacity: 1; cursor: pointer;"
    >
      <svg
        fill="none"
        height="18"
        viewBox="0 0 24 24"
        width="18"
        xmlns="http://www.w3.org/2000/svg"
      >
        <path
          d="M5 12C5 12.5523 5.44772 13 6 13H18C18.5523 13 19 12.5523 19 12C19 11.4477 18.5523 11 18 11H6C5.44772 11 5 11.4477 5 12ZM3 16C3 16.5523 3.44772 17 4 17H16C16.5523 17 17 16.5523 17 16C17 15.4477 16.5523 15 16 15H4C3.44772 15 3 15.4477 3 16ZM8 7C7.44772 7 7 7.44772 7 8C7 8.55228 7.44772 9 8 9H20C20.5523 9 21 8.55228 21 8C21 7.44772 20.5523 7 20 7H8Z"
          fill="#D0D5DD"
        />
      </svg>
      <p
        class="siren-sdk-header-clear-all-text"
        style="color: rgb(255, 255, 255);"
      >
        Clear All
      </p>
    </div>
  </div>
</DocumentFragment>
`;
