// Jest Snapshot v1, https://goo.gl/fbAQLP

exports[`matches snapshot 1`] = `
<DocumentFragment>
  <button
    class="siren-sdk-panel-load-more-custom"
    data-testid="load-more"
  >
    <div />
  </button>
</DocumentFragment>
`;
