// Jest Snapshot v1, https://goo.gl/fbAQLP

exports[`matches snapshot 1`] = `
<DocumentFragment>
  <button
    aria-label="siren-notification-icon"
    class="siren-sdk-notificationIcon-container"
    data-testid="notification-icon"
  >
    <div />
  </button>
</DocumentFragment>
`;
