// Jest Snapshot v1, https://goo.gl/fbAQLP

exports[`matches snapshot 1`] = `
<DocumentFragment>
  <div
    class="siren-sdk-panel-modal"
    data-testid="siren-panel"
    style="max-width: 100; border-top-left-radius: 10px; border-top-right-radius: 10px; width: 500px; border-bottom-left-radius: 10px; border-bottom-right-radius: 10px;"
  >
    <div
      class=""
    >
      <div
        class="siren-sdk-header-container"
        data-testid="header"
        style="border-top-left-radius: 10px; border-top-right-radius: 10px; background-color: rgb(35, 35, 38); border-bottom: 0.5px solid; border-color: #344054; height: 50px;"
      >
        <p
          class="siren-sdk-text-break"
          style="color: rgb(255, 255, 255); font-size: 18px; font-weight: 600; padding-left: 0px;"
        >
          Notifications
        </p>
        <div
          aria-disabled="true"
          aria-label="siren-header-clear-all"
          class="siren-sdk-header-right-container"
          data-testid="clear-all"
          role="button"
          style="opacity: 0.5; cursor: default;"
        >
          <svg
            fill="none"
            height="18"
            viewBox="0 0 24 24"
            width="18"
            xmlns="http://www.w3.org/2000/svg"
          >
            <path
              d="M5 12C5 12.5523 5.44772 13 6 13H18C18.5523 13 19 12.5523 19 12C19 11.4477 18.5523 11 18 11H6C5.44772 11 5 11.4477 5 12ZM3 16C3 16.5523 3.44772 17 4 17H16C16.5523 17 17 16.5523 17 16C17 15.4477 16.5523 15 16 15H4C3.44772 15 3 15.4477 3 16ZM8 7C7.44772 7 7 7.44772 7 8C7 8.55228 7.44772 9 8 9H20C20.5523 9 21 8.55228 21 8C21 7.44772 20.5523 7 20 7H8Z"
              fill="#D0D5DD"
            />
          </svg>
          <p
            class="siren-sdk-header-clear-all-text"
            style="color: rgb(255, 255, 255);"
          >
            Clear All
          </p>
        </div>
      </div>
      <div
        style="border-bottom-left-radius: 10px; border-bottom-right-radius: 10px; background-color: rgb(35, 35, 38); padding: 0px; border-radius: 0 0 10px 10px;"
      >
        <div
          class="siren-sdk-tab-container"
        >
          <div
            class="siren-sdk-tab-header-container"
            style="height: 50px; background-color: rgb(35, 35, 38);"
          >
            <div
              class="siren-sdk-tab-header active"
              role="button"
              style="margin-right: 22px; background-color: rgb(35, 35, 38); color: rgb(250, 152, 116); font-size: 14px; font-weight: 600;"
            >
              All
            </div>
            <div
              class="siren-sdk-tab-header "
              role="button"
              style="margin-right: 0px; background-color: rgb(35, 35, 38); color: rgb(255, 255, 255); font-size: 14px; font-weight: 600;"
            >
              Unread
            </div>
            <div
              class="siren-sdk-active-tab-indicator"
              style="background-color: rgb(250, 152, 116); height: 3px; left: 0px; width: 0px;"
            />
          </div>
        </div>
        <div
          aria-label="siren-notification-list"
          class="siren-sdk-panel-content-container siren-sdk-content-container"
          id="contentContainer"
          style="border-bottom-left-radius: 10px; border-bottom-right-radius: 10px; height: 700px;"
        >
          <div
            class="siren-sdk-list-loader-container"
          >
            <div
              class="siren-sdk-skeleton-container"
            >
              <div
                class="siren-sdk-skeleton-grid-with-avatar"
              >
                <div
                  class="siren-sdk-skeleton-avatar siren-sdk-skeleton"
                  style="border-color: #fa9874;"
                />
                <div
                  class="siren-sdk-skeleton-head siren-sdk-skeleton"
                  style="border-color: #fa9874;"
                />
                <div
                  class="siren-sdk-skeleton-subtitle siren-sdk-skeleton"
                  style="border-color: #fa9874;"
                />
                <div
                  class="siren-sdk-skeleton-body siren-sdk-skeleton"
                  style="border-color: #fa9874;"
                />
                <div
                  class="siren-sdk-skeleton-icon  siren-sdk-skeleton"
                  style="border-color: #fa9874;"
                />
                <div
                  class="siren-sdk-skeleton-footer  siren-sdk-skeleton"
                  style="border-color: #fa9874;"
                />
                <div
                  class="siren-sdk-skeleton-close  siren-sdk-skeleton"
                  style="border-color: #fa9874;"
                />
              </div>
            </div>
            <div
              class="siren-sdk-skeleton-container"
            >
              <div
                class="siren-sdk-skeleton-grid-with-avatar"
              >
                <div
                  class="siren-sdk-skeleton-avatar siren-sdk-skeleton"
                  style="border-color: #fa9874;"
                />
                <div
                  class="siren-sdk-skeleton-head siren-sdk-skeleton"
                  style="border-color: #fa9874;"
                />
                <div
                  class="siren-sdk-skeleton-subtitle siren-sdk-skeleton"
                  style="border-color: #fa9874;"
                />
                <div
                  class="siren-sdk-skeleton-body siren-sdk-skeleton"
                  style="border-color: #fa9874;"
                />
                <div
                  class="siren-sdk-skeleton-icon  siren-sdk-skeleton"
                  style="border-color: #fa9874;"
                />
                <div
                  class="siren-sdk-skeleton-footer  siren-sdk-skeleton"
                  style="border-color: #fa9874;"
                />
                <div
                  class="siren-sdk-skeleton-close  siren-sdk-skeleton"
                  style="border-color: #fa9874;"
                />
              </div>
            </div>
            <div
              class="siren-sdk-skeleton-container"
            >
              <div
                class="siren-sdk-skeleton-grid-with-avatar"
              >
                <div
                  class="siren-sdk-skeleton-avatar siren-sdk-skeleton"
                  style="border-color: #fa9874;"
                />
                <div
                  class="siren-sdk-skeleton-head siren-sdk-skeleton"
                  style="border-color: #fa9874;"
                />
                <div
                  class="siren-sdk-skeleton-subtitle siren-sdk-skeleton"
                  style="border-color: #fa9874;"
                />
                <div
                  class="siren-sdk-skeleton-body siren-sdk-skeleton"
                  style="border-color: #fa9874;"
                />
                <div
                  class="siren-sdk-skeleton-icon  siren-sdk-skeleton"
                  style="border-color: #fa9874;"
                />
                <div
                  class="siren-sdk-skeleton-footer  siren-sdk-skeleton"
                  style="border-color: #fa9874;"
                />
                <div
                  class="siren-sdk-skeleton-close  siren-sdk-skeleton"
                  style="border-color: #fa9874;"
                />
              </div>
            </div>
            <div
              class="siren-sdk-skeleton-container"
            >
              <div
                class="siren-sdk-skeleton-grid-with-avatar"
              >
                <div
                  class="siren-sdk-skeleton-avatar siren-sdk-skeleton"
                  style="border-color: #fa9874;"
                />
                <div
                  class="siren-sdk-skeleton-head siren-sdk-skeleton"
                  style="border-color: #fa9874;"
                />
                <div
                  class="siren-sdk-skeleton-subtitle siren-sdk-skeleton"
                  style="border-color: #fa9874;"
                />
                <div
                  class="siren-sdk-skeleton-body siren-sdk-skeleton"
                  style="border-color: #fa9874;"
                />
                <div
                  class="siren-sdk-skeleton-icon  siren-sdk-skeleton"
                  style="border-color: #fa9874;"
                />
                <div
                  class="siren-sdk-skeleton-footer  siren-sdk-skeleton"
                  style="border-color: #fa9874;"
                />
                <div
                  class="siren-sdk-skeleton-close  siren-sdk-skeleton"
                  style="border-color: #fa9874;"
                />
              </div>
            </div>
            <div
              class="siren-sdk-skeleton-container"
            >
              <div
                class="siren-sdk-skeleton-grid-with-avatar"
              >
                <div
                  class="siren-sdk-skeleton-avatar siren-sdk-skeleton"
                  style="border-color: #fa9874;"
                />
                <div
                  class="siren-sdk-skeleton-head siren-sdk-skeleton"
                  style="border-color: #fa9874;"
                />
                <div
                  class="siren-sdk-skeleton-subtitle siren-sdk-skeleton"
                  style="border-color: #fa9874;"
                />
                <div
                  class="siren-sdk-skeleton-body siren-sdk-skeleton"
                  style="border-color: #fa9874;"
                />
                <div
                  class="siren-sdk-skeleton-icon  siren-sdk-skeleton"
                  style="border-color: #fa9874;"
                />
                <div
                  class="siren-sdk-skeleton-footer  siren-sdk-skeleton"
                  style="border-color: #fa9874;"
                />
                <div
                  class="siren-sdk-skeleton-close  siren-sdk-skeleton"
                  style="border-color: #fa9874;"
                />
              </div>
            </div>
          </div>
        </div>
        <div />
      </div>
    </div>
  </div>
</DocumentFragment>
`;
